[debug] [2026-06-22T16:07:06.694Z] ----------------------------------------------------------------------
[debug] [2026-06-22T16:07:06.696Z] Command:       /Users/skyroth/.nvm/versions/node/v22.22.3/bin/node /Users/skyroth/.nvm/versions/node/v22.22.3/bin/firebase deploy --only functions
[debug] [2026-06-22T16:07:06.696Z] CLI Version:   15.22.0
[debug] [2026-06-22T16:07:06.696Z] Platform:      darwin
[debug] [2026-06-22T16:07:06.696Z] Node Version:  v22.22.3
[debug] [2026-06-22T16:07:06.696Z] Detected Agent: unknown
[debug] [2026-06-22T16:07:06.696Z] Time:          Mon Jun 22 2026 12:07:06 GMT-0400 (Eastern Daylight Time)
[debug] [2026-06-22T16:07:06.696Z] ----------------------------------------------------------------------
[debug] 
[debug] [2026-06-22T16:07:07.328Z] > command requires scopes: ["email","openid","https://www.googleapis.com/auth/cloudplatformprojects.readonly","https://www.googleapis.com/auth/firebase","https://www.googleapis.com/auth/cloud-platform"]
[debug] [2026-06-22T16:07:07.328Z] > authorizing via signed-in user (sky.j.roth@gmail.com)
[debug] [2026-06-22T16:07:07.328Z] [iam] checking project chat-app-bb804 for permissions ["cloudfunctions.functions.create","cloudfunctions.functions.delete","cloudfunctions.functions.get","cloudfunctions.functions.list","cloudfunctions.functions.update","cloudfunctions.operations.get","firebase.projects.get"]
[debug] [2026-06-22T16:07:07.328Z] Checked if tokens are valid: false, expires at: 1782100414238
[debug] [2026-06-22T16:07:07.328Z] Checked if tokens are valid: false, expires at: 1782100414238
[debug] [2026-06-22T16:07:07.329Z] > refreshing access token with scopes: []
[debug] [2026-06-22T16:07:07.329Z] >>> [apiv2][query] POST https://www.googleapis.com/oauth2/v3/token [none]
[debug] [2026-06-22T16:07:07.329Z] >>> [apiv2][body] POST https://www.googleapis.com/oauth2/v3/token [omitted]
[debug] [2026-06-22T16:07:07.677Z] <<< [apiv2][status] POST https://www.googleapis.com/oauth2/v3/token 200
[debug] [2026-06-22T16:07:07.677Z] <<< [apiv2][body] POST https://www.googleapis.com/oauth2/v3/token [omitted]
[debug] [2026-06-22T16:07:07.695Z] >>> [apiv2][query] POST https://cloudresourcemanager.googleapis.com/v1/projects/chat-app-bb804:testIamPermissions [none]
[debug] [2026-06-22T16:07:07.695Z] >>> [apiv2][(partial)header] POST https://cloudresourcemanager.googleapis.com/v1/projects/chat-app-bb804:testIamPermissions  x-goog-user-project=chat-app-bb804
[debug] [2026-06-22T16:07:07.695Z] >>> [apiv2][body] POST https://cloudresourcemanager.googleapis.com/v1/projects/chat-app-bb804:testIamPermissions {"permissions":["cloudfunctions.functions.create","cloudfunctions.functions.delete","cloudfunctions.functions.get","cloudfunctions.functions.list","cloudfunctions.functions.update","cloudfunctions.operations.get","firebase.projects.get"]}
